// Jest Snapshot v1, https://goo.gl/fbAQLP

exports[`Search component snapshot testing renders correctly 1`] = `
<div>
  <form
    onSubmit={[Function]}
  >
    <input
      autoFocus={true}
      className="Searchcss__StyledInput-sc-21w6vx-0 gzayPf"
      onChange={[Function]}
      placeholder="Enter search term"
      type="text"
      value=""
    />
    <button
      className="Searchcss__StyledButton-sc-21w6vx-1 lbZijS"
      type="submit"
    >
      Submit
    </button>
  </form>
</div>
`;
